// Jest Snapshot v1, https://goo.gl/fbAQLP

exports[`Layout should render the layout wrapper 1`] = `
<DocumentFragment>
  <div
    class="h-screen grid grid-cols-12"
  >
    <div
      class="hidden sm:inline-grid	 sm:col-span-1 2xl:col-span-2"
    />
    <div
      class="col-span-12 sm:col-span-10 2xl:col-span-8 bg-background text-slate-50 h-full"
    />
    <div
      class="hidden sm:inline-grid sm:col-span-1 2xl:col-span-2"
    />
  </div>
</DocumentFragment>
`;
