// Jest Snapshot v1, https://goo.gl/fbAQLP

exports[`TextInput should render the input field 1`] = `
<DocumentFragment>
  <label
    class="block"
  >
    <span
      class="after:content-['*'] after:ml-0.5 after:text-red-500 block text-sm font-medium text-slate-50"
    >
      Input label
    </span>
    <input
      class="mt-1 px-3 py-2 bg-backgroundSecondary border shadow-sm border-slate-300 placeholder-slate-400 focus:outline-none focus:border-sky-500 focus:ring-sky-500 block w-full rounded-md sm:text-sm focus:ring-1"
      placeholder=""
      type="text"
      value=""
    />
  </label>
</DocumentFragment>
`;
